<h1>Foo</h1>
<blockquote>
<p>This is a blockquote</p>
</blockquote>
<p>This is a paragraph</p>
