<h1>should highlight</h1>
<pre><code class="language-js"><span class="hljs-keyword">var</span> foo = <span class="hljs-string">'bar'</span>;
</code></pre>
