<h1>should linkify</h1>
<p><a href="https://github.com/jonschlinkert/remarkable">https://github.com/jonschlinkert/remarkable</a></p>
