<h1>ejs templates</h1>
<p><%= foo %>
<%- foo %>
<% foo %>
<% _.forEach(users, function(user) { %><li><%- user %></li><% }); %></p>
