<h1>Templates</h1>
<blockquote>
<p>Should fix escaped handlebars templates</p>
</blockquote>
<p>This is a {{template}}
This is a {{template foo="bar"}}</p>
<p>This is a {{> partial }}</p>
<p>This is a block helper
{{#each foo as |bar|}}
{{bar}}
{{/each}}</p>
