<h1>es6 templates</h1>
<p>${foo}
${foo.bar}
${"foo.bar"}</p>
